
> web@0.1.0 build
> next build

node.exe : [baseline-browser-mapping] The data in this module is over two months old.  To ensure accurate Baseline 
data, please update: `npm i baseline-browser-mapping@latest -D`
위치 줄:1 문자:1
+ & "C:\Program Files\nodejs/node.exe" "C:\Program Files\nodejs/node_mo ...
+ ~~~~~~~~~~~~~~~~~~~~~~~~~~~~~~~~~~~~~~~~~~~~~~~~~~~~~~~~~~~~~~~~~~~~~
    + CategoryInfo          : NotSpecified: ([baseline-brows...ping@latest -D`:String) [], RemoteException
    + FullyQualifiedErrorId : NativeCommandError
 
   ??Next.js 16.0.10 (Turbopack)
   - Environments: .env
   - Experiments (use with caution):
     쨌 serverActions

   Creating an optimized production build ...
[baseline-browser-mapping] The data in this module is over two months old.  To ensure accurate Baseline data, please 
update: `npm i baseline-browser-mapping@latest -D`
 ??Compiled successfully in 18.2s
   Running TypeScript ...
   Collecting page data using 17 workers ...
[baseline-browser-mapping] The data in this module is over two months old.  To ensure accurate Baseline data, please 
update: `npm i baseline-browser-mapping@latest -D`
[baseline-browser-mapping] The data in this module is over two months old.  To ensure accurate Baseline data, please 
update: `npm i baseline-browser-mapping@latest -D`
[baseline-browser-mapping] The data in this module is over two months old.  To ensure accurate Baseline data, please 
update: `npm i baseline-browser-mapping@latest -D`
[baseline-browser-mapping] The data in this module is over two months old.  To ensure accurate Baseline data, please 
update: `npm i baseline-browser-mapping@latest -D`
[baseline-browser-mapping] The data in this module is over two months old.  To ensure accurate Baseline data, please 
update: `npm i baseline-browser-mapping@latest -D`
[baseline-browser-mapping] The data in this module is over two months old.  To ensure accurate Baseline data, please 
update: `npm i baseline-browser-mapping@latest -D`
[baseline-browser-mapping] The data in this module is over two months old.  To ensure accurate Baseline data, please 
update: `npm i baseline-browser-mapping@latest -D`
[baseline-browser-mapping] The data in this module is over two months old.  To ensure accurate Baseline data, please 
update: `npm i baseline-browser-mapping@latest -D`
[baseline-browser-mapping] The data in this module is over two months old.  To ensure accurate Baseline data, please 
update: `npm i baseline-browser-mapping@latest -D`
[baseline-browser-mapping] The data in this module is over two months old.  To ensure accurate Baseline data, please 
update: `npm i baseline-browser-mapping@latest -D`
[baseline-browser-mapping] The data in this module is over two months old.  To ensure accurate Baseline data, please 
update: `npm i baseline-browser-mapping@latest -D`
[baseline-browser-mapping] The data in this module is over two months old.  To ensure accurate Baseline data, please 
update: `npm i baseline-browser-mapping@latest -D`
[baseline-browser-mapping] The data in this module is over two months old.  To ensure accurate Baseline data, please 
update: `npm i baseline-browser-mapping@latest -D`
[baseline-browser-mapping] The data in this module is over two months old.  To ensure accurate Baseline data, please 
update: `npm i baseline-browser-mapping@latest -D`
[baseline-browser-mapping] The data in this module is over two months old.  To ensure accurate Baseline data, please 
update: `npm i baseline-browser-mapping@latest -D`
[baseline-browser-mapping] The data in this module is over two months old.  To ensure accurate Baseline data, please 
update: `npm i baseline-browser-mapping@latest -D`
[baseline-browser-mapping] The data in this module is over two months old.  To ensure accurate Baseline data, please 
update: `npm i baseline-browser-mapping@latest -D`
[CardImage] ??Font registered: NanumGothic (bold)
[CardImage] ??Font registered: NanumGothic (normal)
[CardImage] ??Font registered: NanumGothic (900)
[CardImage] ??Font registered: NanumMyeongjo (bold)
[CardImage] ??Font registered: NanumMyeongjo (normal)
[CardImage] ??Font registered: NanumGothic (bold)
[CardImage] ??Font registered: NanumGothic (normal)
[CardImage] ??Font registered: NanumGothic (900)
[CardImage] ??Font registered: NanumMyeongjo (bold)
[CardImage] ??Font registered: NanumMyeongjo (normal)
   Generating static pages using 17 workers (0/48) ...
[baseline-browser-mapping] The data in this module is over two months old.  To ensure accurate Baseline data, please 
update: `npm i baseline-browser-mapping@latest -D`
[baseline-browser-mapping] The data in this module is over two months old.  To ensure accurate Baseline data, please 
update: `npm i baseline-browser-mapping@latest -D`
[CardImage] ??Font registered: NanumGothic (bold)
[CardImage] ??Font registered: NanumGothic (normal)
[CardImage] ??Font registered: NanumGothic (900)
[CardImage] ??Font registered: NanumMyeongjo (bold)
[CardImage] ??Font registered: NanumMyeongjo (normal)
 ??metadataBase property in metadata export is not set for resolving social open graph or twitter images, using 
"http://localhost:3000". See https://nextjs.org/docs/app/api-reference/functions/generate-metadata#metadatabase
   Generating static pages using 17 workers (12/48) 
 ??metadataBase property in metadata export is not set for resolving social open graph or twitter images, using 
"http://localhost:3000". See https://nextjs.org/docs/app/api-reference/functions/generate-metadata#metadatabase
   Generating static pages using 17 workers (24/48) 
   Generating static pages using 17 workers (36/48) 
 ??Generating static pages using 17 workers (48/48) in 11.5s
   Finalizing page optimization ...

Route (app)                      Revalidate  Expire
????/
????/_not-found
??? /admin
????/admin/ads
??? /admin/card-news
????/admin/card-news/preview
????/admin/card-news/print               1h      1y
????/admin/email-logs
????/admin/login
??? /admin/news/[id]
??? /admin/news/[id]/translate
????/admin/promo-cards
??? /admin/published-news
????/admin/settings
??? /admin/stats
????/admin/subscribers
????/admin/users
??? /api/admin/email-failures
??? /api/admin/email-logs
??? /api/admin/subscribers
??? /api/auth/login
??? /api/auth/logout
??? /api/auth/me
??? /api/auth/users
??? /api/batch-translate
??? /api/click
??? /api/crawl-news
??? /api/crawl-source
??? /api/crawler-logs
??? /api/create-manual-news
??? /api/cron/crawl
??? /api/generate-card-image
??? /api/generate-daily-content
??? /api/kakao-channel
??? /api/promo-cards
??? /api/promo-cards/[id]
??? /api/promo-cards/active
??? /api/proxy-image
??? /api/publish-card-news
??? /api/published-news
??? /api/reset-card-news
??? /api/send-daily-email
??? /api/subscribe
??? /api/system-info
??? /api/test-emails
??? /api/test-emails/[id]
??? /api/unsubscribe
??? /api/update-manual-news
??? /api/upload-promo-image
????/news/[id]
????/news/1
????/news/2
????/news/3
????/opengraph-image
????/print/card-news                     1h      1y
??? /promo/[id]
????/unsubscribe


?? (Static)   prerendered as static content
?? (SSG)      prerendered as static HTML (uses generateStaticParams)
?  (Dynamic)  server-rendered on demand

