?㎦ 援ш? ?붿뒪而ㅻ쾭由?紐⑤뱢 ?⑤룆 ?뚯뒪???쒖옉...
?? 援ш? ?댁뒪 ?뺤같? 異쒕컻 (留쏆쭛/?ы뻾/??...
???뺤같 ?꾨즺: 珥?8媛쒖쓽 蹂댁꽍 媛숈? ?댁뒪瑜?諛쒓껄?덉뒿?덈떎.

================ 寃利?寃곌낵 ================
珥?諛쒓껄??湲곗궗: 8媛?
[1] 移댄뀒怨좊━: Culture
?쒕ぉ: [諛쒓껄] Uzbekistan Joins Vietnam, Saudi Arabia, US, UAE, and other Emerging Giants in a Massive Global Hotel Surge That?셲 Set to Redefine the Tourism Landscape in 2025 - Travel And Tour World
留곹겕: https://news.google.com/rss/articles/CBMiqwJBVV95c...

[2] 移댄뀒怨좊━: Culture
?쒕ぉ: [諛쒓껄] Vietnam Embraces AI Innovation And Green Growth In 2025 - Evrim A휓ac캇
留곹겕: https://news.google.com/rss/articles/CBMikwFBVV95c...

[3] 移댄뀒怨좊━: Culture
?쒕ぉ: [諛쒓껄] Vietnam Set to Shatter Tourism Records with 20 Million Visitors in 2025 ??What Airlines like Vietnam Airlines and VietJet Are Doing to Keep Up with the Historic Surge! - Travel And Tour World
留곹겕: https://news.google.com/rss/articles/CBMiuAJBVV95c...

[4] 移댄뀒怨좊━: Culture
?쒕ぉ: [諛쒓껄] Here's Where To Go Before The Year Ends If You're Looking For A Short Getaway From Singapore - Travel and Leisure Asia
留곹겕: https://news.google.com/rss/articles/CBMi0AFBVV95c...

[5] 移댄뀒怨좊━: Society
?쒕ぉ: [諛쒓껄] Vietnam's 'Sorrow of War' sells out after viral controversy - Griffin Daily News
留곹겕: https://news.google.com/rss/articles/CBMi6AFBVV95c...

[6] 移댄뀒怨좊━: Society
?쒕ぉ: [諛쒓껄] Miss Universe Cote d?섾voire Olivia Yace joins Miss Cosmo 2025 jury panel - Philstar.com
留곹겕: https://news.google.com/rss/articles/CBMi3AFBVV95c...

[7] 移댄뀒怨좊━: Society
?쒕ぉ: [諛쒓껄] Vietnam emerges as attractive destination for technology capital in South-East Asia - The Star | Malaysia
留곹겕: https://news.google.com/rss/articles/CBMi3wFBVV95c...

[8] 移댄뀒怨좊━: Society
?쒕ぉ: [諛쒓껄] Students join fight against rabies, pioneering change for safer, civilised Hanoi - Vietnam Investment Review - VIR
留곹겕: https://news.google.com/rss/articles/CBMirgFBVV95c...

==========================================
